// Jest Snapshot v1, https://goo.gl/fbAQLP

exports[`matches snapshot 1`] = `
<main
  className="games"
>
  <input
    onChange={[Function]}
    placeholder="Search your game by name.."
    type="text"
    value=""
  />
</main>
`;
